// Jest Snapshot v1, https://goo.gl/fbAQLP

exports[`should render summary for 1 expenses 1`] = `
<div>
  <h1>
    Viewing 
     
    expenses
    , total 
    $0.00
  </h1>
</div>
`;

exports[`should render summary for multiple expenses 1`] = `
<div>
  <h1>
    Viewing 
     
    expenses
    , total 
    $0.00
  </h1>
</div>
`;
